{
  "_links": {
    "git": "https://api.github.com/repos/obsidian33/chocolatey-packages/git/blobs/9eed09a3a4a0bf076902368e8e1a89f978a6cbd7",
    "html": "https://github.com/obsidian33/chocolatey-packages/blob/main/azure-kubelogin/azure-kubelogin.nuspec",
    "self": "https://api.github.com/repos/obsidian33/chocolatey-packages/contents/azure-kubelogin/azure-kubelogin.nuspec?ref=main"
  },
  "content": "PD94bWwgdmVyc2lvbj0iMS4wIiBlbmNvZGluZz0idXRmLTgiPz4KPCEtLSBE\nbyBub3QgcmVtb3ZlIHRoaXMgdGVzdCBmb3IgVVRGLTg6IGlmIOKAnM6p4oCd\nIGRvZXNu4oCZdCBhcHBlYXIgYXMgZ3JlZWsgdXBwZXJjYXNlIG9tZWdhIGxl\ndHRlciBlbmNsb3NlZCBpbiBxdW90YXRpb24gbWFya3MsIHlvdSBzaG91bGQg\ndXNlIGFuIGVkaXRvciB0aGF0IHN1cHBvcnRzIFVURi04LCBub3QgdGhpcyBv\nbmUuIC0tPgo8cGFja2FnZSB4bWxucz0iaHR0cDovL3NjaGVtYXMubWljcm9z\nb2Z0LmNvbS9wYWNrYWdpbmcvMjAxNS8wNi9udXNwZWMueHNkIj4KICA8bWV0\nYWRhdGE+CiAgICA8aWQ+YXp1cmUta3ViZWxvZ2luPC9pZD4KICAgIDx2ZXJz\naW9uPjAuMi44PC92ZXJzaW9uPgogICAgPHBhY2thZ2VTb3VyY2VVcmw+aHR0\ncHM6Ly9naXRodWIuY29tL29ic2lkaWFuMzMvY2hvY29sYXRlbHktcGFja2Fn\nZXM8L3BhY2thZ2VTb3VyY2VVcmw+CiAgICA8b3duZXJzPm9ic2lkaWFuMzM8\nL293bmVycz4KICAgIDx0aXRsZT5rdWJlbG9naW4gKEF6dXJlKTwvdGl0bGU+\nCiAgICA8YXV0aG9ycz5NaWNyb3NvZnQ8L2F1dGhvcnM+CiAgICA8cHJvamVj\ndFVybD5odHRwczovL2dpdGh1Yi5jb20vQXp1cmUva3ViZWxvZ2luPC9wcm9q\nZWN0VXJsPgogICAgPGxpY2Vuc2VVcmw+aHR0cHM6Ly9naXRodWIuY29tL0F6\ndXJlL2t1YmVsb2dpbi9ibG9iL21hc3Rlci9MSUNFTlNFPC9saWNlbnNlVXJs\nPgogICAgPHJlcXVpcmVMaWNlbnNlQWNjZXB0YW5jZT5mYWxzZTwvcmVxdWly\nZUxpY2Vuc2VBY2NlcHRhbmNlPgogICAgPHByb2plY3RTb3VyY2VVcmw+aHR0\ncHM6Ly9naXRodWIuY29tL0F6dXJlL2t1YmVsb2dpbjwvcHJvamVjdFNvdXJj\nZVVybD4KICAgIDxkb2NzVXJsPmh0dHBzOi8vZ2l0aHViLmNvbS9BenVyZS9r\ndWJlbG9naW4vYmxvYi9tYXN0ZXIvUkVBRE1FLm1kPC9kb2NzVXJsPgogICAg\nPGJ1Z1RyYWNrZXJVcmw+aHR0cHM6Ly9naXRodWIuY29tL0F6dXJlL2t1YmVs\nb2dpbi9pc3N1ZXM8L2J1Z1RyYWNrZXJVcmw+CiAgICA8dGFncz5henVyZSBr\ndWJlbG9naW4ga3ViZXJuZXRlcyBhdXRoZW50aWNhdGlvbiBjbGkga3ViZWN0\nbDwvdGFncz4KICAgIDxzdW1tYXJ5Pmt1YmVsb2dpbiBpcyBhIGNvbW1hbmQt\nbGluZSB1dGlsaXR5IGltcGxlbWVudGluZyBhenVyZSBhdXRoZW50aWNhdGlv\nbiBpbnRvIHlvdXIgQUtTIGNsdXN0ZXJzLjwvc3VtbWFyeT4KICAgIDxkZXNj\ncmlwdGlvbj4KICAgICAgPCFbQ0RBVEFba3ViZWxvZ2luIGlzIGEgW2NsaWVu\ndC1nbyBjcmVkZW50aWFsIChleGVjKSBwbHVnaW5dKGh0dHBzOi8va3ViZXJu\nZXRlcy5pby9kb2NzL3JlZmVyZW5jZS9hY2Nlc3MtYXV0aG4tYXV0aHovYXV0\naGVudGljYXRpb24vI2NsaWVudC1nby1jcmVkZW50aWFsLXBsdWdpbnMpIGlt\ncGxlbWVudGluZyBhenVyZSBhdXRoZW50aWNhdGlvbi4gVGhpcyBwbHVnaW4g\ncHJvdmlkZXMgZmVhdHVyZXMgdGhhdCBhcmUgbm90IGF2YWlsYWJsZSBpbiBr\ndWJlY3RsLiBJdCBpcyBzdXBwb3J0ZWQgb24ga3ViZWN0bCB2MS4xMSsKICAg\nICAgCiMjIEZlYXR1cmVzOgoKLSBgY29udmVydC1rdWJlY29uZmlnYCBjb21t\nYW5kIHRvIGNvbnZlcnRzIGt1YmVjb25maWcgd2l0aCBleGlzdGluZyBhenVy\nZSBhdXRoIHByb3ZpZGVyIGZvcm1hdCB0byBleGVjIGNyZWRlbnRpYWwgcGx1\nZ2luIGZvcm1hdAotIGRldmljZSBjb2RlIGxvZ2luCi0gbm9uLWludGVyYWN0\naXZlIHNlcnZpY2UgcHJpbmNpcGFsIGxvZ2luCi0gbm9uLWludGVyYWN0aXZl\nIHVzZXIgcHJpbmNpcGFsIGxvZ2luIHVzaW5nIFJlc291cmUgb3duZXIgbG9n\naW4gZmxvdwotIG5vbi1pbnRlcmFjdGl2ZSBtYW5hZ2VkIHNlcnZpY2UgaWRl\nbnRpdHkgbG9naW4KLSBub24taW50ZXJhY3RpdmUgQXp1cmUgQ0xJIHRva2Vu\nIGxvZ2luIChBS1Mgb25seSkKLSBub24taW50ZXJhY3RpdmUgd29ya2xvYWQg\naWRlbnRpdHkgbG9naW4KLSBBQUQgdG9rZW4gd2lsbCBiZSBjYWNoZWQgbG9j\nYWxseSBmb3IgcmVuZXdhbCBpbiBkZXZpY2UgY29kZSBsb2dpbiBhbmQgdXNl\nciBwcmluY2lwYWwgbG9naW4gKHJvcGMpIGZsb3cuIEJ5IGRlZmF1bHQsIGl0\nIGlzIHNhdmVkIGluIGB+Ly5rdWJlL2NhY2hlL2t1YmVsb2dpbi9gCi0gYWRk\ncmVzc2VzIGt1YmVybmV0ZXMva3ViZXJuZXRlcyM4NjQxMCB0byByZW1vdmUg\nYHNwbjpgIHByZWZpeCBpbiBgYXVkaWVuY2VgIGNsYWltLCBpZiBuZWNlc3Nh\ncnkuIChiYXNlZCBvbiBrdWJlY29uZmlnIG9yIGNvbW1hbmRsaW5lIGFyZ3Vt\nZW50IGAtLWxlZ2FjeWApCi0gU2V0dXAgZm9yIEt1YmVybmV0ZXMgT0lEQyBQ\ncm92aWRlciB1c2luZyBBenVyZSBBRApdXT4KICAgIDwvZGVzY3JpcHRpb24+\nCiAgICA8cmVsZWFzZU5vdGVzPmh0dHBzOi8vZ2l0aHViLmNvbS9BenVyZS9r\ndWJlbG9naW4vcmVsZWFzZXMvdGFnL3YwLjIuODwvcmVsZWFzZU5vdGVzPgog\nIDwvbWV0YWRhdGE+CiAgPGZpbGVzPgogICAgPGZpbGUgc3JjPSJ0b29sc1wq\nKiIgdGFyZ2V0PSJ0b29scyIgLz4KICA8L2ZpbGVzPgo8L3BhY2thZ2U+Cg==\n",
  "download_url": "https://raw.githubusercontent.com/obsidian33/chocolatey-packages/main/azure-kubelogin/azure-kubelogin.nuspec",
  "encoding": "base64",
  "git_url": "https://api.github.com/repos/obsidian33/chocolatey-packages/git/blobs/9eed09a3a4a0bf076902368e8e1a89f978a6cbd7",
  "html_url": "https://github.com/obsidian33/chocolatey-packages/blob/main/azure-kubelogin/azure-kubelogin.nuspec",
  "name": "azure-kubelogin.nuspec",
  "path": "azure-kubelogin/azure-kubelogin.nuspec",
  "sha": "9eed09a3a4a0bf076902368e8e1a89f978a6cbd7",
  "size": 2518,
  "type": "file",
  "url": "https://api.github.com/repos/obsidian33/chocolatey-packages/contents/azure-kubelogin/azure-kubelogin.nuspec?ref=main"
}