{
  "assets": [
    {
      "browser_download_url": "https://github.com/Azure/kubelogin/releases/download/v0.2.8/kubelogin-darwin-amd64.zip",
      "content_type": "application/octet-stream",
      "created_at": "2025-04-25T17:46:09Z",
      "digest": null,
      "download_count": 3944,
      "id": 249500766,
      "label": "",
      "name": "kubelogin-darwin-amd64.zip",
      "node_id": "RA_kwDODud2K84O3xRe",
      "size": 27932196,
      "state": "uploaded",
      "updated_at": "2025-04-25T17:46:09Z",
      "uploader": {
        "avatar_url": "https://avatars.githubusercontent.com/in/15368?v=4",
        "events_url": "https://api.github.com/users/github-actions%5Bbot%5D/events{/privacy}",
        "followers_url": "https://api.github.com/users/github-actions%5Bbot%5D/followers",
        "following_url": "https://api.github.com/users/github-actions%5Bbot%5D/following{/other_user}",
        "gists_url": "https://api.github.com/users/github-actions%5Bbot%5D/gists{/gist_id}",
        "gravatar_id": "",
        "html_url": "https://github.com/apps/github-actions",
        "id": 41898282,
        "login": "github-actions[bot]",
        "node_id": "MDM6Qm90NDE4OTgyODI=",
        "organizations_url": "https://api.github.com/users/github-actions%5Bbot%5D/orgs",
        "received_events_url": "https://api.github.com/users/github-actions%5Bbot%5D/received_events",
        "repos_url": "https://api.github.com/users/github-actions%5Bbot%5D/repos",
        "site_admin": false,
        "starred_url": "https://api.github.com/users/github-actions%5Bbot%5D/starred{/owner}{/repo}",
        "subscriptions_url": "https://api.github.com/users/github-actions%5Bbot%5D/subscriptions",
        "type": "Bot",
        "url": "https://api.github.com/users/github-actions%5Bbot%5D",
        "user_view_type": "public"
      },
      "url": "https://api.github.com/repos/Azure/kubelogin/releases/assets/249500766"
    },
    {
      "browser_download_url": "https://github.com/Azure/kubelogin/releases/download/v0.2.8/kubelogin-darwin-amd64.zip.sha256",
      "content_type": "application/octet-stream",
      "created_at": "2025-04-25T17:46:16Z",
      "digest": null,
      "download_count": 1581,
      "id": 249500786,
      "label": "",
      "name": "kubelogin-darwin-amd64.zip.sha256",
      "node_id": "RA_kwDODud2K84O3xRy",
      "size": 93,
      "state": "uploaded",
      "updated_at": "2025-04-25T17:46:16Z",
      "uploader": {
        "avatar_url": "https://avatars.githubusercontent.com/in/15368?v=4",
        "events_url": "https://api.github.com/users/github-actions%5Bbot%5D/events{/privacy}",
        "followers_url": "https://api.github.com/users/github-actions%5Bbot%5D/followers",
        "following_url": "https://api.github.com/users/github-actions%5Bbot%5D/following{/other_user}",
        "gists_url": "https://api.github.com/users/github-actions%5Bbot%5D/gists{/gist_id}",
        "gravatar_id": "",
        "html_url": "https://github.com/apps/github-actions",
        "id": 41898282,
        "login": "github-actions[bot]",
        "node_id": "MDM6Qm90NDE4OTgyODI=",
        "organizations_url": "https://api.github.com/users/github-actions%5Bbot%5D/orgs",
        "received_events_url": "https://api.github.com/users/github-actions%5Bbot%5D/received_events",
        "repos_url": "https://api.github.com/users/github-actions%5Bbot%5D/repos",
        "site_admin": false,
        "starred_url": "https://api.github.com/users/github-actions%5Bbot%5D/starred{/owner}{/repo}",
        "subscriptions_url": "https://api.github.com/users/github-actions%5Bbot%5D/subscriptions",
        "type": "Bot",
        "url": "https://api.github.com/users/github-actions%5Bbot%5D",
        "user_view_type": "public"
      },
      "url": "https://api.github.com/repos/Azure/kubelogin/releases/assets/249500786"
    },
    {
      "browser_download_url": "https://github.com/Azure/kubelogin/releases/download/v0.2.8/kubelogin-darwin-arm64.zip",
      "content_type": "application/octet-stream",
      "created_at": "2025-04-25T17:46:10Z",
      "digest": null,
      "download_count": 18816,
      "id": 249500769,
      "label": "",
      "name": "kubelogin-darwin-arm64.zip",
      "node_id": "RA_kwDODud2K84O3xRh",
      "size": 25838999,
      "state": "uploaded",
      "updated_at": "2025-04-25T17:46:11Z",
      "uploader": {
        "avatar_url": "https://avatars.githubusercontent.com/in/15368?v=4",
        "events_url": "https://api.github.com/users/github-actions%5Bbot%5D/events{/privacy}",
        "followers_url": "https://api.github.com/users/github-actions%5Bbot%5D/followers",
        "following_url": "https://api.github.com/users/github-actions%5Bbot%5D/following{/other_user}",
        "gists_url": "https://api.github.com/users/github-actions%5Bbot%5D/gists{/gist_id}",
        "gravatar_id": "",
        "html_url": "https://github.com/apps/github-actions",
        "id": 41898282,
        "login": "github-actions[bot]",
        "node_id": "MDM6Qm90NDE4OTgyODI=",
        "organizations_url": "https://api.github.com/users/github-actions%5Bbot%5D/orgs",
        "received_events_url": "https://api.github.com/users/github-actions%5Bbot%5D/received_events",
        "repos_url": "https://api.github.com/users/github-actions%5Bbot%5D/repos",
        "site_admin": false,
        "starred_url": "https://api.github.com/users/github-actions%5Bbot%5D/starred{/owner}{/repo}",
        "subscriptions_url": "https://api.github.com/users/github-actions%5Bbot%5D/subscriptions",
        "type": "Bot",
        "url": "https://api.github.com/users/github-actions%5Bbot%5D",
        "user_view_type": "public"
      },
      "url": "https://api.github.com/repos/Azure/kubelogin/releases/assets/249500769"
    },
    {
      "browser_download_url": "https://github.com/Azure/kubelogin/releases/download/v0.2.8/kubelogin-darwin-arm64.zip.sha256",
      "content_type": "application/octet-stream",
      "created_at": "2025-04-25T17:46:16Z",
      "digest": null,
      "download_count": 2057,
      "id": 249500787,
      "label": "",
      "name": "kubelogin-darwin-arm64.zip.sha256",
      "node_id": "RA_kwDODud2K84O3xRz",
      "size": 93,
      "state": "uploaded",
      "updated_at": "2025-04-25T17:46:16Z",
      "uploader": {
        "avatar_url": "https://avatars.githubusercontent.com/in/15368?v=4",
        "events_url": "https://api.github.com/users/github-actions%5Bbot%5D/events{/privacy}",
        "followers_url": "https://api.github.com/users/github-actions%5Bbot%5D/followers",
        "following_url": "https://api.github.com/users/github-actions%5Bbot%5D/following{/other_user}",
        "gists_url": "https://api.github.com/users/github-actions%5Bbot%5D/gists{/gist_id}",
        "gravatar_id": "",
        "html_url": "https://github.com/apps/github-actions",
        "id": 41898282,
        "login": "github-actions[bot]",
        "node_id": "MDM6Qm90NDE4OTgyODI=",
        "organizations_url": "https://api.github.com/users/github-actions%5Bbot%5D/orgs",
        "received_events_url": "https://api.github.com/users/github-actions%5Bbot%5D/received_events",
        "repos_url": "https://api.github.com/users/github-actions%5Bbot%5D/repos",
        "site_admin": false,
        "starred_url": "https://api.github.com/users/github-actions%5Bbot%5D/starred{/owner}{/repo}",
        "subscriptions_url": "https://api.github.com/users/github-actions%5Bbot%5D/subscriptions",
        "type": "Bot",
        "url": "https://api.github.com/users/github-actions%5Bbot%5D",
        "user_view_type": "public"
      },
      "url": "https://api.github.com/repos/Azure/kubelogin/releases/assets/249500787"
    },
    {
      "browser_download_url": "https://github.com/Azure/kubelogin/releases/download/v0.2.8/kubelogin-linux-amd64.zip",
      "content_type": "application/octet-stream",
      "created_at": "2025-04-25T17:46:11Z",
      "digest": null,
      "download_count": 400295,
      "id": 249500772,
      "label": "",
      "name": "kubelogin-linux-amd64.zip",
      "node_id": "RA_kwDODud2K84O3xRk",
      "size": 24299301,
      "state": "uploaded",
      "updated_at": "2025-04-25T17:46:12Z",
      "uploader": {
        "avatar_url": "https://avatars.githubusercontent.com/in/15368?v=4",
        "events_url": "https://api.github.com/users/github-actions%5Bbot%5D/events{/privacy}",
        "followers_url": "https://api.github.com/users/github-actions%5Bbot%5D/followers",
        "following_url": "https://api.github.com/users/github-actions%5Bbot%5D/following{/other_user}",
        "gists_url": "https://api.github.com/users/github-actions%5Bbot%5D/gists{/gist_id}",
        "gravatar_id": "",
        "html_url": "https://github.com/apps/github-actions",
        "id": 41898282,
        "login": "github-actions[bot]",
        "node_id": "MDM6Qm90NDE4OTgyODI=",
        "organizations_url": "https://api.github.com/users/github-actions%5Bbot%5D/orgs",
        "received_events_url": "https://api.github.com/users/github-actions%5Bbot%5D/received_events",
        "repos_url": "https://api.github.com/users/github-actions%5Bbot%5D/repos",
        "site_admin": false,
        "starred_url": "https://api.github.com/users/github-actions%5Bbot%5D/starred{/owner}{/repo}",
        "subscriptions_url": "https://api.github.com/users/github-actions%5Bbot%5D/subscriptions",
        "type": "Bot",
        "url": "https://api.github.com/users/github-actions%5Bbot%5D",
        "user_view_type": "public"
      },
      "url": "https://api.github.com/repos/Azure/kubelogin/releases/assets/249500772"
    },
    {
      "browser_download_url": "https://github.com/Azure/kubelogin/releases/download/v0.2.8/kubelogin-linux-amd64.zip.sha256",
      "content_type": "application/octet-stream",
      "created_at": "2025-04-25T17:46:17Z",
      "digest": null,
      "download_count": 93209,
      "id": 249500788,
      "label": "",
      "name": "kubelogin-linux-amd64.zip.sha256",
      "node_id": "RA_kwDODud2K84O3xR0",
      "size": 92,
      "state": "uploaded",
      "updated_at": "2025-04-25T17:46:17Z",
      "uploader": {
        "avatar_url": "https://avatars.githubusercontent.com/in/15368?v=4",
        "events_url": "https://api.github.com/users/github-actions%5Bbot%5D/events{/privacy}",
        "followers_url": "https://api.github.com/users/github-actions%5Bbot%5D/followers",
        "following_url": "https://api.github.com/users/github-actions%5Bbot%5D/following{/other_user}",
        "gists_url": "https://api.github.com/users/github-actions%5Bbot%5D/gists{/gist_id}",
        "gravatar_id": "",
        "html_url": "https://github.com/apps/github-actions",
        "id": 41898282,
        "login": "github-actions[bot]",
        "node_id": "MDM6Qm90NDE4OTgyODI=",
        "organizations_url": "https://api.github.com/users/github-actions%5Bbot%5D/orgs",
        "received_events_url": "https://api.github.com/users/github-actions%5Bbot%5D/received_events",
        "repos_url": "https://api.github.com/users/github-actions%5Bbot%5D/repos",
        "site_admin": false,
        "starred_url": "https://api.github.com/users/github-actions%5Bbot%5D/starred{/owner}{/repo}",
        "subscriptions_url": "https://api.github.com/users/github-actions%5Bbot%5D/subscriptions",
        "type": "Bot",
        "url": "https://api.github.com/users/github-actions%5Bbot%5D",
        "user_view_type": "public"
      },
      "url": "https://api.github.com/repos/Azure/kubelogin/releases/assets/249500788"
    },
    {
      "browser_download_url": "https://github.com/Azure/kubelogin/releases/download/v0.2.8/kubelogin-linux-arm64.zip",
      "content_type": "application/octet-stream",
      "created_at": "2025-04-25T17:46:12Z",
      "digest": null,
      "download_count": 2423,
      "id": 249500777,
      "label": "",
      "name": "kubelogin-linux-arm64.zip",
      "node_id": "RA_kwDODud2K84O3xRp",
      "size": 22544684,
      "state": "uploaded",
      "updated_at": "2025-04-25T17:46:13Z",
      "uploader": {
        "avatar_url": "https://avatars.githubusercontent.com/in/15368?v=4",
        "events_url": "https://api.github.com/users/github-actions%5Bbot%5D/events{/privacy}",
        "followers_url": "https://api.github.com/users/github-actions%5Bbot%5D/followers",
        "following_url": "https://api.github.com/users/github-actions%5Bbot%5D/following{/other_user}",
        "gists_url": "https://api.github.com/users/github-actions%5Bbot%5D/gists{/gist_id}",
        "gravatar_id": "",
        "html_url": "https://github.com/apps/github-actions",
        "id": 41898282,
        "login": "github-actions[bot]",
        "node_id": "MDM6Qm90NDE4OTgyODI=",
        "organizations_url": "https://api.github.com/users/github-actions%5Bbot%5D/orgs",
        "received_events_url": "https://api.github.com/users/github-actions%5Bbot%5D/received_events",
        "repos_url": "https://api.github.com/users/github-actions%5Bbot%5D/repos",
        "site_admin": false,
        "starred_url": "https://api.github.com/users/github-actions%5Bbot%5D/starred{/owner}{/repo}",
        "subscriptions_url": "https://api.github.com/users/github-actions%5Bbot%5D/subscriptions",
        "type": "Bot",
        "url": "https://api.github.com/users/github-actions%5Bbot%5D",
        "user_view_type": "public"
      },
      "url": "https://api.github.com/repos/Azure/kubelogin/releases/assets/249500777"
    },
    {
      "browser_download_url": "https://github.com/Azure/kubelogin/releases/download/v0.2.8/kubelogin-linux-arm64.zip.sha256",
      "content_type": "application/octet-stream",
      "created_at": "2025-04-25T17:46:17Z",
      "digest": null,
      "download_count": 1749,
      "id": 249500789,
      "label": "",
      "name": "kubelogin-linux-arm64.zip.sha256",
      "node_id": "RA_kwDODud2K84O3xR1",
      "size": 92,
      "state": "uploaded",
      "updated_at": "2025-04-25T17:46:17Z",
      "uploader": {
        "avatar_url": "https://avatars.githubusercontent.com/in/15368?v=4",
        "events_url": "https://api.github.com/users/github-actions%5Bbot%5D/events{/privacy}",
        "followers_url": "https://api.github.com/users/github-actions%5Bbot%5D/followers",
        "following_url": "https://api.github.com/users/github-actions%5Bbot%5D/following{/other_user}",
        "gists_url": "https://api.github.com/users/github-actions%5Bbot%5D/gists{/gist_id}",
        "gravatar_id": "",
        "html_url": "https://github.com/apps/github-actions",
        "id": 41898282,
        "login": "github-actions[bot]",
        "node_id": "MDM6Qm90NDE4OTgyODI=",
        "organizations_url": "https://api.github.com/users/github-actions%5Bbot%5D/orgs",
        "received_events_url": "https://api.github.com/users/github-actions%5Bbot%5D/received_events",
        "repos_url": "https://api.github.com/users/github-actions%5Bbot%5D/repos",
        "site_admin": false,
        "starred_url": "https://api.github.com/users/github-actions%5Bbot%5D/starred{/owner}{/repo}",
        "subscriptions_url": "https://api.github.com/users/github-actions%5Bbot%5D/subscriptions",
        "type": "Bot",
        "url": "https://api.github.com/users/github-actions%5Bbot%5D",
        "user_view_type": "public"
      },
      "url": "https://api.github.com/repos/Azure/kubelogin/releases/assets/249500789"
    },
    {
      "browser_download_url": "https://github.com/Azure/kubelogin/releases/download/v0.2.8/kubelogin-linux-armv7.zip",
      "content_type": "application/octet-stream",
      "created_at": "2025-04-25T17:46:13Z",
      "digest": null,
      "download_count": 1555,
      "id": 249500780,
      "label": "",
      "name": "kubelogin-linux-armv7.zip",
      "node_id": "RA_kwDODud2K84O3xRs",
      "size": 22190388,
      "state": "uploaded",
      "updated_at": "2025-04-25T17:46:14Z",
      "uploader": {
        "avatar_url": "https://avatars.githubusercontent.com/in/15368?v=4",
        "events_url": "https://api.github.com/users/github-actions%5Bbot%5D/events{/privacy}",
        "followers_url": "https://api.github.com/users/github-actions%5Bbot%5D/followers",
        "following_url": "https://api.github.com/users/github-actions%5Bbot%5D/following{/other_user}",
        "gists_url": "https://api.github.com/users/github-actions%5Bbot%5D/gists{/gist_id}",
        "gravatar_id": "",
        "html_url": "https://github.com/apps/github-actions",
        "id": 41898282,
        "login": "github-actions[bot]",
        "node_id": "MDM6Qm90NDE4OTgyODI=",
        "organizations_url": "https://api.github.com/users/github-actions%5Bbot%5D/orgs",
        "received_events_url": "https://api.github.com/users/github-actions%5Bbot%5D/received_events",
        "repos_url": "https://api.github.com/users/github-actions%5Bbot%5D/repos",
        "site_admin": false,
        "starred_url": "https://api.github.com/users/github-actions%5Bbot%5D/starred{/owner}{/repo}",
        "subscriptions_url": "https://api.github.com/users/github-actions%5Bbot%5D/subscriptions",
        "type": "Bot",
        "url": "https://api.github.com/users/github-actions%5Bbot%5D",
        "user_view_type": "public"
      },
      "url": "https://api.github.com/repos/Azure/kubelogin/releases/assets/249500780"
    },
    {
      "browser_download_url": "https://github.com/Azure/kubelogin/releases/download/v0.2.8/kubelogin-linux-armv7.zip.sha256",
      "content_type": "application/octet-stream",
      "created_at": "2025-04-25T17:46:17Z",
      "digest": null,
      "download_count": 1555,
      "id": 249500790,
      "label": "",
      "name": "kubelogin-linux-armv7.zip.sha256",
      "node_id": "RA_kwDODud2K84O3xR2",
      "size": 92,
      "state": "uploaded",
      "updated_at": "2025-04-25T17:46:18Z",
      "uploader": {
        "avatar_url": "https://avatars.githubusercontent.com/in/15368?v=4",
        "events_url": "https://api.github.com/users/github-actions%5Bbot%5D/events{/privacy}",
        "followers_url": "https://api.github.com/users/github-actions%5Bbot%5D/followers",
        "following_url": "https://api.github.com/users/github-actions%5Bbot%5D/following{/other_user}",
        "gists_url": "https://api.github.com/users/github-actions%5Bbot%5D/gists{/gist_id}",
        "gravatar_id": "",
        "html_url": "https://github.com/apps/github-actions",
        "id": 41898282,
        "login": "github-actions[bot]",
        "node_id": "MDM6Qm90NDE4OTgyODI=",
        "organizations_url": "https://api.github.com/users/github-actions%5Bbot%5D/orgs",
        "received_events_url": "https://api.github.com/users/github-actions%5Bbot%5D/received_events",
        "repos_url": "https://api.github.com/users/github-actions%5Bbot%5D/repos",
        "site_admin": false,
        "starred_url": "https://api.github.com/users/github-actions%5Bbot%5D/starred{/owner}{/repo}",
        "subscriptions_url": "https://api.github.com/users/github-actions%5Bbot%5D/subscriptions",
        "type": "Bot",
        "url": "https://api.github.com/users/github-actions%5Bbot%5D",
        "user_view_type": "public"
      },
      "url": "https://api.github.com/repos/Azure/kubelogin/releases/assets/249500790"
    },
    {
      "browser_download_url": "https://github.com/Azure/kubelogin/releases/download/v0.2.8/kubelogin-win-amd64.zip",
      "content_type": "application/octet-stream",
      "created_at": "2025-04-25T17:46:06Z",
      "digest": null,
      "download_count": 127104,
      "id": 249500751,
      "label": "",
      "name": "kubelogin-win-amd64.zip",
      "node_id": "RA_kwDODud2K84O3xRP",
      "size": 24567121,
      "state": "uploaded",
      "updated_at": "2025-04-25T17:46:07Z",
      "uploader": {
        "avatar_url": "https://avatars.githubusercontent.com/in/15368?v=4",
        "events_url": "https://api.github.com/users/github-actions%5Bbot%5D/events{/privacy}",
        "followers_url": "https://api.github.com/users/github-actions%5Bbot%5D/followers",
        "following_url": "https://api.github.com/users/github-actions%5Bbot%5D/following{/other_user}",
        "gists_url": "https://api.github.com/users/github-actions%5Bbot%5D/gists{/gist_id}",
        "gravatar_id": "",
        "html_url": "https://github.com/apps/github-actions",
        "id": 41898282,
        "login": "github-actions[bot]",
        "node_id": "MDM6Qm90NDE4OTgyODI=",
        "organizations_url": "https://api.github.com/users/github-actions%5Bbot%5D/orgs",
        "received_events_url": "https://api.github.com/users/github-actions%5Bbot%5D/received_events",
        "repos_url": "https://api.github.com/users/github-actions%5Bbot%5D/repos",
        "site_admin": false,
        "starred_url": "https://api.github.com/users/github-actions%5Bbot%5D/starred{/owner}{/repo}",
        "subscriptions_url": "https://api.github.com/users/github-actions%5Bbot%5D/subscriptions",
        "type": "Bot",
        "url": "https://api.github.com/users/github-actions%5Bbot%5D",
        "user_view_type": "public"
      },
      "url": "https://api.github.com/repos/Azure/kubelogin/releases/assets/249500751"
    },
    {
      "browser_download_url": "https://github.com/Azure/kubelogin/releases/download/v0.2.8/kubelogin-win-amd64.zip.sha256",
      "content_type": "application/octet-stream",
      "created_at": "2025-04-25T17:46:15Z",
      "digest": null,
      "download_count": 2564,
      "id": 249500783,
      "label": "",
      "name": "kubelogin-win-amd64.zip.sha256",
      "node_id": "RA_kwDODud2K84O3xRv",
      "size": 90,
      "state": "uploaded",
      "updated_at": "2025-04-25T17:46:15Z",
      "uploader": {
        "avatar_url": "https://avatars.githubusercontent.com/in/15368?v=4",
        "events_url": "https://api.github.com/users/github-actions%5Bbot%5D/events{/privacy}",
        "followers_url": "https://api.github.com/users/github-actions%5Bbot%5D/followers",
        "following_url": "https://api.github.com/users/github-actions%5Bbot%5D/following{/other_user}",
        "gists_url": "https://api.github.com/users/github-actions%5Bbot%5D/gists{/gist_id}",
        "gravatar_id": "",
        "html_url": "https://github.com/apps/github-actions",
        "id": 41898282,
        "login": "github-actions[bot]",
        "node_id": "MDM6Qm90NDE4OTgyODI=",
        "organizations_url": "https://api.github.com/users/github-actions%5Bbot%5D/orgs",
        "received_events_url": "https://api.github.com/users/github-actions%5Bbot%5D/received_events",
        "repos_url": "https://api.github.com/users/github-actions%5Bbot%5D/repos",
        "site_admin": false,
        "starred_url": "https://api.github.com/users/github-actions%5Bbot%5D/starred{/owner}{/repo}",
        "subscriptions_url": "https://api.github.com/users/github-actions%5Bbot%5D/subscriptions",
        "type": "Bot",
        "url": "https://api.github.com/users/github-actions%5Bbot%5D",
        "user_view_type": "public"
      },
      "url": "https://api.github.com/repos/Azure/kubelogin/releases/assets/249500783"
    },
    {
      "browser_download_url": "https://github.com/Azure/kubelogin/releases/download/v0.2.8/kubelogin-win-arm64.zip",
      "content_type": "application/octet-stream",
      "created_at": "2025-04-25T17:46:07Z",
      "digest": null,
      "download_count": 1850,
      "id": 249500763,
      "label": "",
      "name": "kubelogin-win-arm64.zip",
      "node_id": "RA_kwDODud2K84O3xRb",
      "size": 22636972,
      "state": "uploaded",
      "updated_at": "2025-04-25T17:46:08Z",
      "uploader": {
        "avatar_url": "https://avatars.githubusercontent.com/in/15368?v=4",
        "events_url": "https://api.github.com/users/github-actions%5Bbot%5D/events{/privacy}",
        "followers_url": "https://api.github.com/users/github-actions%5Bbot%5D/followers",
        "following_url": "https://api.github.com/users/github-actions%5Bbot%5D/following{/other_user}",
        "gists_url": "https://api.github.com/users/github-actions%5Bbot%5D/gists{/gist_id}",
        "gravatar_id": "",
        "html_url": "https://github.com/apps/github-actions",
        "id": 41898282,
        "login": "github-actions[bot]",
        "node_id": "MDM6Qm90NDE4OTgyODI=",
        "organizations_url": "https://api.github.com/users/github-actions%5Bbot%5D/orgs",
        "received_events_url": "https://api.github.com/users/github-actions%5Bbot%5D/received_events",
        "repos_url": "https://api.github.com/users/github-actions%5Bbot%5D/repos",
        "site_admin": false,
        "starred_url": "https://api.github.com/users/github-actions%5Bbot%5D/starred{/owner}{/repo}",
        "subscriptions_url": "https://api.github.com/users/github-actions%5Bbot%5D/subscriptions",
        "type": "Bot",
        "url": "https://api.github.com/users/github-actions%5Bbot%5D",
        "user_view_type": "public"
      },
      "url": "https://api.github.com/repos/Azure/kubelogin/releases/assets/249500763"
    },
    {
      "browser_download_url": "https://github.com/Azure/kubelogin/releases/download/v0.2.8/kubelogin-win-arm64.zip.sha256",
      "content_type": "application/octet-stream",
      "created_at": "2025-04-25T17:46:15Z",
      "digest": null,
      "download_count": 1564,
      "id": 249500784,
      "label": "",
      "name": "kubelogin-win-arm64.zip.sha256",
      "node_id": "RA_kwDODud2K84O3xRw",
      "size": 90,
      "state": "uploaded",
      "updated_at": "2025-04-25T17:46:15Z",
      "uploader": {
        "avatar_url": "https://avatars.githubusercontent.com/in/15368?v=4",
        "events_url": "https://api.github.com/users/github-actions%5Bbot%5D/events{/privacy}",
        "followers_url": "https://api.github.com/users/github-actions%5Bbot%5D/followers",
        "following_url": "https://api.github.com/users/github-actions%5Bbot%5D/following{/other_user}",
        "gists_url": "https://api.github.com/users/github-actions%5Bbot%5D/gists{/gist_id}",
        "gravatar_id": "",
        "html_url": "https://github.com/apps/github-actions",
        "id": 41898282,
        "login": "github-actions[bot]",
        "node_id": "MDM6Qm90NDE4OTgyODI=",
        "organizations_url": "https://api.github.com/users/github-actions%5Bbot%5D/orgs",
        "received_events_url": "https://api.github.com/users/github-actions%5Bbot%5D/received_events",
        "repos_url": "https://api.github.com/users/github-actions%5Bbot%5D/repos",
        "site_admin": false,
        "starred_url": "https://api.github.com/users/github-actions%5Bbot%5D/starred{/owner}{/repo}",
        "subscriptions_url": "https://api.github.com/users/github-actions%5Bbot%5D/subscriptions",
        "type": "Bot",
        "url": "https://api.github.com/users/github-actions%5Bbot%5D",
        "user_view_type": "public"
      },
      "url": "https://api.github.com/repos/Azure/kubelogin/releases/assets/249500784"
    },
    {
      "browser_download_url": "https://github.com/Azure/kubelogin/releases/download/v0.2.8/kubelogin.zip",
      "content_type": "application/octet-stream",
      "created_at": "2025-04-25T17:46:01Z",
      "digest": null,
      "download_count": 754117,
      "id": 249500731,
      "label": "",
      "name": "kubelogin.zip",
      "node_id": "RA_kwDODud2K84O3xQ7",
      "size": 170010797,
      "state": "uploaded",
      "updated_at": "2025-04-25T17:46:06Z",
      "uploader": {
        "avatar_url": "https://avatars.githubusercontent.com/in/15368?v=4",
        "events_url": "https://api.github.com/users/github-actions%5Bbot%5D/events{/privacy}",
        "followers_url": "https://api.github.com/users/github-actions%5Bbot%5D/followers",
        "following_url": "https://api.github.com/users/github-actions%5Bbot%5D/following{/other_user}",
        "gists_url": "https://api.github.com/users/github-actions%5Bbot%5D/gists{/gist_id}",
        "gravatar_id": "",
        "html_url": "https://github.com/apps/github-actions",
        "id": 41898282,
        "login": "github-actions[bot]",
        "node_id": "MDM6Qm90NDE4OTgyODI=",
        "organizations_url": "https://api.github.com/users/github-actions%5Bbot%5D/orgs",
        "received_events_url": "https://api.github.com/users/github-actions%5Bbot%5D/received_events",
        "repos_url": "https://api.github.com/users/github-actions%5Bbot%5D/repos",
        "site_admin": false,
        "starred_url": "https://api.github.com/users/github-actions%5Bbot%5D/starred{/owner}{/repo}",
        "subscriptions_url": "https://api.github.com/users/github-actions%5Bbot%5D/subscriptions",
        "type": "Bot",
        "url": "https://api.github.com/users/github-actions%5Bbot%5D",
        "user_view_type": "public"
      },
      "url": "https://api.github.com/repos/Azure/kubelogin/releases/assets/249500731"
    },
    {
      "browser_download_url": "https://github.com/Azure/kubelogin/releases/download/v0.2.8/kubelogin.zip.sha256",
      "content_type": "application/octet-stream",
      "created_at": "2025-04-25T17:46:15Z",
      "digest": null,
      "download_count": 1562,
      "id": 249500782,
      "label": "",
      "name": "kubelogin.zip.sha256",
      "node_id": "RA_kwDODud2K84O3xRu",
      "size": 80,
      "state": "uploaded",
      "updated_at": "2025-04-25T17:46:15Z",
      "uploader": {
        "avatar_url": "https://avatars.githubusercontent.com/in/15368?v=4",
        "events_url": "https://api.github.com/users/github-actions%5Bbot%5D/events{/privacy}",
        "followers_url": "https://api.github.com/users/github-actions%5Bbot%5D/followers",
        "following_url": "https://api.github.com/users/github-actions%5Bbot%5D/following{/other_user}",
        "gists_url": "https://api.github.com/users/github-actions%5Bbot%5D/gists{/gist_id}",
        "gravatar_id": "",
        "html_url": "https://github.com/apps/github-actions",
        "id": 41898282,
        "login": "github-actions[bot]",
        "node_id": "MDM6Qm90NDE4OTgyODI=",
        "organizations_url": "https://api.github.com/users/github-actions%5Bbot%5D/orgs",
        "received_events_url": "https://api.github.com/users/github-actions%5Bbot%5D/received_events",
        "repos_url": "https://api.github.com/users/github-actions%5Bbot%5D/repos",
        "site_admin": false,
        "starred_url": "https://api.github.com/users/github-actions%5Bbot%5D/starred{/owner}{/repo}",
        "subscriptions_url": "https://api.github.com/users/github-actions%5Bbot%5D/subscriptions",
        "type": "Bot",
        "url": "https://api.github.com/users/github-actions%5Bbot%5D",
        "user_view_type": "public"
      },
      "url": "https://api.github.com/repos/Azure/kubelogin/releases/assets/249500782"
    }
  ],
  "assets_url": "https://api.github.com/repos/Azure/kubelogin/releases/214847008/assets",
  "author": {
    "avatar_url": "https://avatars.githubusercontent.com/in/15368?v=4",
    "events_url": "https://api.github.com/users/github-actions%5Bbot%5D/events{/privacy}",
    "followers_url": "https://api.github.com/users/github-actions%5Bbot%5D/followers",
    "following_url": "https://api.github.com/users/github-actions%5Bbot%5D/following{/other_user}",
    "gists_url": "https://api.github.com/users/github-actions%5Bbot%5D/gists{/gist_id}",
    "gravatar_id": "",
    "html_url": "https://github.com/apps/github-actions",
    "id": 41898282,
    "login": "github-actions[bot]",
    "node_id": "MDM6Qm90NDE4OTgyODI=",
    "organizations_url": "https://api.github.com/users/github-actions%5Bbot%5D/orgs",
    "received_events_url": "https://api.github.com/users/github-actions%5Bbot%5D/received_events",
    "repos_url": "https://api.github.com/users/github-actions%5Bbot%5D/repos",
    "site_admin": false,
    "starred_url": "https://api.github.com/users/github-actions%5Bbot%5D/starred{/owner}{/repo}",
    "subscriptions_url": "https://api.github.com/users/github-actions%5Bbot%5D/subscriptions",
    "type": "Bot",
    "url": "https://api.github.com/users/github-actions%5Bbot%5D",
    "user_view_type": "public"
  },
  "body": "### Maintenance\r\n\r\n* Bump github.com/golang-jwt/jwt/v4 from 4.5.1 to 4.5.2 by @dependabot in https://github.com/Azure/kubelogin/pull/648\r\n* Bump golang.org/x/net from 0.36.0 to 0.38.0 by @dependabot in https://github.com/Azure/kubelogin/pull/651\r\n\r\n**Full Changelog**: https://github.com/Azure/kubelogin/compare/v0.2.7...v0.2.8",
  "created_at": "2025-04-25T17:17:57Z",
  "draft": false,
  "html_url": "https://github.com/Azure/kubelogin/releases/tag/v0.2.8",
  "id": 214847008,
  "mentions_count": 1,
  "name": "v0.2.8 release",
  "node_id": "RE_kwDODud2K84Mzk4g",
  "prerelease": false,
  "published_at": "2025-04-25T17:57:44Z",
  "reactions": {
    "+1": 2,
    "-1": 0,
    "confused": 0,
    "eyes": 0,
    "heart": 0,
    "hooray": 0,
    "laugh": 0,
    "rocket": 0,
    "total_count": 2,
    "url": "https://api.github.com/repos/Azure/kubelogin/releases/214847008/reactions"
  },
  "tag_name": "v0.2.8",
  "tarball_url": "https://api.github.com/repos/Azure/kubelogin/tarball/v0.2.8",
  "target_commitish": "main",
  "upload_url": "https://uploads.github.com/repos/Azure/kubelogin/releases/214847008/assets{?name,label}",
  "url": "https://api.github.com/repos/Azure/kubelogin/releases/214847008",
  "zipball_url": "https://api.github.com/repos/Azure/kubelogin/zipball/v0.2.8"
}